Archive member included to satisfy reference by file (symbol)

c:/program files (x86)/gnu arm embedded toolchain/10 2021.10/bin/../lib/gcc/arm-none-eabi/10.3.1/thumb/v7e-m+fp/hard\libgcc.a(_aeabi_ldivmod.o)
                              CMakeFiles/STM32HAL.elf.dir/Drivers/STM32F4xx_HAL_Driver/Src/stm32f4xx_hal_rcc.c.obj (__aeabi_ldivmod)
c:/program files (x86)/gnu arm embedded toolchain/10 2021.10/bin/../lib/gcc/arm-none-eabi/10.3.1/thumb/v7e-m+fp/hard\libgcc.a(_aeabi_uldivmod.o)
                              CMakeFiles/STM32HAL.elf.dir/Drivers/STM32F4xx_HAL_Driver/Src/stm32f4xx_hal_rcc.c.obj (__aeabi_uldivmod)
c:/program files (x86)/gnu arm embedded toolchain/10 2021.10/bin/../lib/gcc/arm-none-eabi/10.3.1/thumb/v7e-m+fp/hard\libgcc.a(_udivmoddi4.o)
                              c:/program files (x86)/gnu arm embedded toolchain/10 2021.10/bin/../lib/gcc/arm-none-eabi/10.3.1/thumb/v7e-m+fp/hard\libgcc.a(_aeabi_ldivmod.o) (__udivmoddi4)
c:/program files (x86)/gnu arm embedded toolchain/10 2021.10/bin/../lib/gcc/arm-none-eabi/10.3.1/thumb/v7e-m+fp/hard\libgcc.a(_dvmd_tls.o)
                              c:/program files (x86)/gnu arm embedded toolchain/10 2021.10/bin/../lib/gcc/arm-none-eabi/10.3.1/thumb/v7e-m+fp/hard\libgcc.a(_aeabi_ldivmod.o) (__aeabi_ldiv0)
c:/program files (x86)/gnu arm embedded toolchain/10 2021.10/bin/../lib/gcc/arm-none-eabi/10.3.1/../../../../arm-none-eabi/lib/thumb/v7e-m+fp/hard\libc_nano.a(lib_a-exit.o)
                              c:/program files (x86)/gnu arm embedded toolchain/10 2021.10/bin/../lib/gcc/arm-none-eabi/10.3.1/../../../../arm-none-eabi/lib/thumb/v7e-m+fp/hard/crt0.o (exit)
c:/program files (x86)/gnu arm embedded toolchain/10 2021.10/bin/../lib/gcc/arm-none-eabi/10.3.1/../../../../arm-none-eabi/lib/thumb/v7e-m+fp/hard\libc_nano.a(lib_a-impure.o)
                              c:/program files (x86)/gnu arm embedded toolchain/10 2021.10/bin/../lib/gcc/arm-none-eabi/10.3.1/../../../../arm-none-eabi/lib/thumb/v7e-m+fp/hard\libc_nano.a(lib_a-exit.o) (_global_impure_ptr)
c:/program files (x86)/gnu arm embedded toolchain/10 2021.10/bin/../lib/gcc/arm-none-eabi/10.3.1/../../../../arm-none-eabi/lib/thumb/v7e-m+fp/hard\libc_nano.a(lib_a-init.o)
                              c:/program files (x86)/gnu arm embedded toolchain/10 2021.10/bin/../lib/gcc/arm-none-eabi/10.3.1/../../../../arm-none-eabi/lib/thumb/v7e-m+fp/hard/crt0.o (__libc_init_array)
c:/program files (x86)/gnu arm embedded toolchain/10 2021.10/bin/../lib/gcc/arm-none-eabi/10.3.1/../../../../arm-none-eabi/lib/thumb/v7e-m+fp/hard\libc_nano.a(lib_a-memset.o)
                              c:/program files (x86)/gnu arm embedded toolchain/10 2021.10/bin/../lib/gcc/arm-none-eabi/10.3.1/../../../../arm-none-eabi/lib/thumb/v7e-m+fp/hard/crt0.o (memset)

Discarded input sections

 .text          0x00000000        0x0 c:/program files (x86)/gnu arm embedded toolchain/10 2021.10/bin/../lib/gcc/arm-none-eabi/10.3.1/thumb/v7e-m+fp/hard/crti.o
 .data          0x00000000        0x0 c:/program files (x86)/gnu arm embedded toolchain/10 2021.10/bin/../lib/gcc/arm-none-eabi/10.3.1/thumb/v7e-m+fp/hard/crti.o
 .bss           0x00000000        0x0 c:/program files (x86)/gnu arm embedded toolchain/10 2021.10/bin/../lib/gcc/arm-none-eabi/10.3.1/thumb/v7e-m+fp/hard/crti.o
 .data          0x00000000        0x4 c:/program files (x86)/gnu arm embedded toolchain/10 2021.10/bin/../lib/gcc/arm-none-eabi/10.3.1/thumb/v7e-m+fp/hard/crtbegin.o
 .rodata        0x00000000       0x24 c:/program files (x86)/gnu arm embedded toolchain/10 2021.10/bin/../lib/gcc/arm-none-eabi/10.3.1/thumb/v7e-m+fp/hard/crtbegin.o
 .text          0x00000000       0x7c c:/program files (x86)/gnu arm embedded toolchain/10 2021.10/bin/../lib/gcc/arm-none-eabi/10.3.1/../../../../arm-none-eabi/lib/thumb/v7e-m+fp/hard/crt0.o
 .data          0x00000000        0x0 c:/program files (x86)/gnu arm embedded toolchain/10 2021.10/bin/../lib/gcc/arm-none-eabi/10.3.1/../../../../arm-none-eabi/lib/thumb/v7e-m+fp/hard/crt0.o
 .bss           0x00000000        0x0 c:/program files (x86)/gnu arm embedded toolchain/10 2021.10/bin/../lib/gcc/arm-none-eabi/10.3.1/../../../../arm-none-eabi/lib/thumb/v7e-m+fp/hard/crt0.o
 .ARM.extab     0x00000000        0x0 c:/program files (x86)/gnu arm embedded toolchain/10 2021.10/bin/../lib/gcc/arm-none-eabi/10.3.1/../../../../arm-none-eabi/lib/thumb/v7e-m+fp/hard/crt0.o
 .ARM.exidx     0x00000000       0x10 c:/program files (x86)/gnu arm embedded toolchain/10 2021.10/bin/../lib/gcc/arm-none-eabi/10.3.1/../../../../arm-none-eabi/lib/thumb/v7e-m+fp/hard/crt0.o
 .ARM.attributes
                0x00000000       0x1c c:/program files (x86)/gnu arm embedded toolchain/10 2021.10/bin/../lib/gcc/arm-none-eabi/10.3.1/../../../../arm-none-eabi/lib/thumb/v7e-m+fp/hard/crt0.o
 .text          0x00000000       0x14 CMakeFiles/STM32HAL.elf.dir/startup_stm32f411xe.s.obj
 .data          0x00000000        0x0 CMakeFiles/STM32HAL.elf.dir/startup_stm32f411xe.s.obj
[...]
Memory Configuration

Name             Origin             Length             Attributes
RAM              0x20000000         0x00020000         xrw
FLASH            0x08000000         0x00080000         xr
*default*        0x00000000         0xffffffff

Linker script and memory map

LOAD c:/program files (x86)/gnu arm embedded toolchain/10 2021.10/bin/../lib/gcc/arm-none-eabi/10.3.1/thumb/v7e-m+fp/hard/crti.o
LOAD c:/program files (x86)/gnu arm embedded toolchain/10 2021.10/bin/../lib/gcc/arm-none-eabi/10.3.1/thumb/v7e-m+fp/hard/crtbegin.o
LOAD c:/program files (x86)/gnu arm embedded toolchain/10 2021.10/bin/../lib/gcc/arm-none-eabi/10.3.1/../../../../arm-none-eabi/lib/thumb/v7e-m+fp/hard/crt0.o
LOAD CMakeFiles/STM32HAL.elf.dir/startup_stm32f411xe.s.obj
LOAD CMakeFiles/STM32HAL.elf.dir/Core/Src/main.c.obj
LOAD CMakeFiles/STM32HAL.elf.dir/Core/Src/mysetp.c.obj
LOAD CMakeFiles/STM32HAL.elf.dir/Core/Src/stm32f4xx_hal_msp.c.obj
LOAD CMakeFiles/STM32HAL.elf.dir/Core/Src/stm32f4xx_it.c.obj
LOAD CMakeFiles/STM32HAL.elf.dir/Core/Src/system_stm32f4xx.c.obj
LOAD CMakeFiles/STM32HAL.elf.dir/Drivers/STM32F4xx_HAL_Driver/Src/stm32f4xx_hal.c.obj
LOAD CMakeFiles/STM32HAL.elf.dir/Drivers/STM32F4xx_HAL_Driver/Src/stm32f4xx_hal_cortex.c.obj
LOAD CMakeFiles/STM32HAL.elf.dir/Drivers/STM32F4xx_HAL_Driver/Src/stm32f4xx_hal_dma.c.obj
LOAD CMakeFiles/STM32HAL.elf.dir/Drivers/STM32F4xx_HAL_Driver/Src/stm32f4xx_hal_dma_ex.c.obj
LOAD CMakeFiles/STM32HAL.elf.dir/Drivers/STM32F4xx_HAL_Driver/Src/stm32f4xx_hal_exti.c.obj
LOAD CMakeFiles/STM32HAL.elf.dir/Drivers/STM32F4xx_HAL_Driver/Src/stm32f4xx_hal_flash.c.obj
LOAD CMakeFiles/STM32HAL.elf.dir/Drivers/STM32F4xx_HAL_Driver/Src/stm32f4xx_hal_flash_ex.c.obj
LOAD CMakeFiles/STM32HAL.elf.dir/Drivers/STM32F4xx_HAL_Driver/Src/stm32f4xx_hal_flash_ramfunc.c.obj
LOAD CMakeFiles/STM32HAL.elf.dir/Drivers/STM32F4xx_HAL_Driver/Src/stm32f4xx_hal_gpio.c.obj
LOAD CMakeFiles/STM32HAL.elf.dir/Drivers/STM32F4xx_HAL_Driver/Src/stm32f4xx_hal_pwr.c.obj
LOAD CMakeFiles/STM32HAL.elf.dir/Drivers/STM32F4xx_HAL_Driver/Src/stm32f4xx_hal_pwr_ex.c.obj
LOAD CMakeFiles/STM32HAL.elf.dir/Drivers/STM32F4xx_HAL_Driver/Src/stm32f4xx_hal_rcc.c.obj
LOAD CMakeFiles/STM32HAL.elf.dir/Drivers/STM32F4xx_HAL_Driver/Src/stm32f4xx_hal_rcc_ex.c.obj
LOAD CMakeFiles/STM32HAL.elf.dir/Drivers/STM32F4xx_HAL_Driver/Src/stm32f4xx_hal_tim.c.obj
LOAD CMakeFiles/STM32HAL.elf.dir/Drivers/STM32F4xx_HAL_Driver/Src/stm32f4xx_hal_tim_ex.c.obj
START GROUP
LOAD c:/program files (x86)/gnu arm embedded toolchain/10 2021.10/bin/../lib/gcc/arm-none-eabi/10.3.1/thumb/v7e-m+fp/hard\libgcc.a
LOAD c:/program files (x86)/gnu arm embedded toolchain/10 2021.10/bin/../lib/gcc/arm-none-eabi/10.3.1/../../../../arm-none-eabi/lib/thumb/v7e-m+fp/hard\libc_nano.a
END GROUP
START GROUP
LOAD c:/program files (x86)/gnu arm embedded toolchain/10 2021.10/bin/../lib/gcc/arm-none-eabi/10.3.1/thumb/v7e-m+fp/hard\libgcc.a
LOAD c:/program files (x86)/gnu arm embedded toolchain/10 2021.10/bin/../lib/gcc/arm-none-eabi/10.3.1/../../../../arm-none-eabi/lib/thumb/v7e-m+fp/hard\libc_nano.a
END GROUP
LOAD c:/program files (x86)/gnu arm embedded toolchain/10 2021.10/bin/../lib/gcc/arm-none-eabi/10.3.1/thumb/v7e-m+fp/hard/crtend.o
LOAD c:/program files (x86)/gnu arm embedded toolchain/10 2021.10/bin/../lib/gcc/arm-none-eabi/10.3.1/thumb/v7e-m+fp/hard/crtn.o
                0x20020000                _estack = 0x20020000
                0x00000200                _Min_Heap_Size = 0x200
                0x00000400                _Min_Stack_Size = 0x400

.isr_vector     0x08000000      0x198
                0x08000000                . = ALIGN (0x4)
 *(.isr_vector)
 .isr_vector    0x08000000      0x198 CMakeFiles/STM32HAL.elf.dir/startup_stm32f411xe.s.obj
                0x08000000                g_pfnVectors
                0x08000198                . = ALIGN (0x4)

.text           0x08000198      0xed0
                0x08000198                . = ALIGN (0x4)
 *(.text)
 .text          0x08000198       0x40 c:/program files (x86)/gnu arm embedded toolchain/10 2021.10/bin/../lib/gcc/arm-none-eabi/10.3.1/thumb/v7e-m+fp/hard/crtbegin.o
 .text          0x080001d8       0x30 c:/program files (x86)/gnu arm embedded toolchain/10 2021.10/bin/../lib/gcc/arm-none-eabi/10.3.1/thumb/v7e-m+fp/hard\libgcc.a(_aeabi_uldivmod.o)
                0x080001d8                __aeabi_uldivmod
 .text          0x08000208      0x2d0 c:/program files (x86)/gnu arm embedded toolchain/10 2021.10/bin/../lib/gcc/arm-none-eabi/10.3.1/thumb/v7e-m+fp/hard\libgcc.a(_udivmoddi4.o)
                0x08000208                __udivmoddi4
 .text          0x080004d8        0x4 c:/program files (x86)/gnu arm embedded toolchain/10 2021.10/bin/../lib/gcc/arm-none-eabi/10.3.1/thumb/v7e-m+fp/hard\libgcc.a(_dvmd_tls.o)
                0x080004d8                __aeabi_idiv0
                0x080004d8                __aeabi_ldiv0
 *(.text*)
 .text.Reset_Handler
                0x080004dc       0x50 CMakeFiles/STM32HAL.elf.dir/startup_stm32f411xe.s.obj
                0x080004dc                Reset_Handler
 .text.Default_Handler
                0x0800052c        0x2 CMakeFiles/STM32HAL.elf.dir/startup_stm32f411xe.s.obj
                0x0800052c                RTC_Alarm_IRQHandler
                0x0800052c                EXTI2_IRQHandler
                0x0800052c                SPI4_IRQHandler
                0x0800052c                TIM1_CC_IRQHandler
                0x0800052c                DMA2_Stream5_IRQHandler
                0x0800052c                DMA1_Stream5_IRQHandler
                0x0800052c                PVD_IRQHandler
                0x0800052c                SDIO_IRQHandler
                0x0800052c                TAMP_STAMP_IRQHandler
                0x0800052c                EXTI3_IRQHandler
                0x0800052c                TIM1_UP_TIM10_IRQHandler
                0x0800052c                I2C3_ER_IRQHandler
                0x0800052c                EXTI0_IRQHandler
                0x0800052c                I2C2_EV_IRQHandler
                0x0800052c                DMA1_Stream2_IRQHandler
                0x0800052c                FPU_IRQHandler
                0x0800052c                DMA2_Stream2_IRQHandler
                0x0800052c                SPI1_IRQHandler
                0x0800052c                TIM1_BRK_TIM9_IRQHandler
                0x0800052c                DMA2_Stream3_IRQHandler
                0x0800052c                USART6_IRQHandler
                0x0800052c                DMA2_Stream0_IRQHandler
                0x0800052c                TIM4_IRQHandler
                0x0800052c                I2C1_EV_IRQHandler
                0x0800052c                DMA1_Stream6_IRQHandler
                0x0800052c                DMA1_Stream1_IRQHandler
                0x0800052c                TIM3_IRQHandler
                0x0800052c                RCC_IRQHandler
                0x0800052c                Default_Handler
                0x0800052c                EXTI15_10_IRQHandler
                0x0800052c                ADC_IRQHandler
                0x0800052c                DMA1_Stream7_IRQHandler
                0x0800052c                SPI5_IRQHandler
                0x0800052c                TIM5_IRQHandler
                0x0800052c                DMA2_Stream7_IRQHandler
                0x0800052c                I2C3_EV_IRQHandler
                0x0800052c                EXTI9_5_IRQHandler
                0x0800052c                RTC_WKUP_IRQHandler
                0x0800052c                SPI2_IRQHandler
                0x0800052c                DMA1_Stream0_IRQHandler
                0x0800052c                EXTI4_IRQHandler
                0x0800052c                WWDG_IRQHandler
                0x0800052c                TIM2_IRQHandler
                0x0800052c                OTG_FS_WKUP_IRQHandler
                0x0800052c                TIM1_TRG_COM_TIM11_IRQHandler
                0x0800052c                EXTI1_IRQHandler
                0x0800052c                USART2_IRQHandler
                0x0800052c                I2C2_ER_IRQHandler
                0x0800052c                DMA2_Stream1_IRQHandler
                0x0800052c                FLASH_IRQHandler
                0x0800052c                DMA2_Stream4_IRQHandler
                0x0800052c                USART1_IRQHandler
                0x0800052c                OTG_FS_IRQHandler
                0x0800052c                SPI3_IRQHandler
                0x0800052c                DMA1_Stream4_IRQHandler
                0x0800052c                I2C1_ER_IRQHandler
                0x0800052c                DMA2_Stream6_IRQHandler
                0x0800052c                DMA1_Stream3_IRQHandler
 *fill*         0x0800052e        0x2 
 .text.SystemClock_Config
                0x08000530       0xb8 CMakeFiles/STM32HAL.elf.dir/Core/Src/main.c.obj
                0x08000530                SystemClock_Config
 .text.startup.main
                0x080005e8       0x8c CMakeFiles/STM32HAL.elf.dir/Core/Src/main.c.obj
                0x080005e8                main
 .text.setp     0x08000674        0x4 CMakeFiles/STM32HAL.elf.dir/Core/Src/mysetp.c.obj
                0x08000674                setp
 .text.loop     0x08000678       0x1c CMakeFiles/STM32HAL.elf.dir/Core/Src/mysetp.c.obj
                0x08000678                loop
 .text.HAL_MspInit
                0x08000694       0x38 CMakeFiles/STM32HAL.elf.dir/Core/Src/stm32f4xx_hal_msp.c.obj
                0x08000694                HAL_MspInit
 .text.NMI_Handler
                0x080006cc        0x4 CMakeFiles/STM32HAL.elf.dir/Core/Src/stm32f4xx_it.c.obj
                0x080006cc                NMI_Handler
 .text.HardFault_Handler
                0x080006d0        0x4 CMakeFiles/STM32HAL.elf.dir/Core/Src/stm32f4xx_it.c.obj
                0x080006d0                HardFault_Handler
 .text.MemManage_Handler
                0x080006d4        0x4 CMakeFiles/STM32HAL.elf.dir/Core/Src/stm32f4xx_it.c.obj
                0x080006d4                MemManage_Handler
 .text.BusFault_Handler
                0x080006d8        0x4 CMakeFiles/STM32HAL.elf.dir/Core/Src/stm32f4xx_it.c.obj
                0x080006d8                BusFault_Handler
 .text.UsageFault_Handler
                0x080006dc        0x4 CMakeFiles/STM32HAL.elf.dir/Core/Src/stm32f4xx_it.c.obj
                0x080006dc                UsageFault_Handler
 .text.SVC_Handler
                0x080006e0        0x4 CMakeFiles/STM32HAL.elf.dir/Core/Src/stm32f4xx_it.c.obj
                0x080006e0                SVC_Handler
 .text.DebugMon_Handler
                0x080006e4        0x4 CMakeFiles/STM32HAL.elf.dir/Core/Src/stm32f4xx_it.c.obj
                0x080006e4                DebugMon_Handler
 .text.PendSV_Handler
                0x080006e8        0x4 CMakeFiles/STM32HAL.elf.dir/Core/Src/stm32f4xx_it.c.obj
                0x080006e8                PendSV_Handler
 .text.SysTick_Handler
                0x080006ec        0x4 CMakeFiles/STM32HAL.elf.dir/Core/Src/stm32f4xx_it.c.obj
                0x080006ec                SysTick_Handler
 .text.SystemInit
                0x080006f0       0x14 CMakeFiles/STM32HAL.elf.dir/Core/Src/system_stm32f4xx.c.obj
                0x080006f0                SystemInit
 .text.HAL_InitTick
                0x08000704       0x48 CMakeFiles/STM32HAL.elf.dir/Drivers/STM32F4xx_HAL_Driver/Src/stm32f4xx_hal.c.obj
                0x08000704                HAL_InitTick
 .text.HAL_Init
                0x0800074c       0x34 CMakeFiles/STM32HAL.elf.dir/Drivers/STM32F4xx_HAL_Driver/Src/stm32f4xx_hal.c.obj
                0x0800074c                HAL_Init
 .text.HAL_IncTick
                0x08000780       0x18 CMakeFiles/STM32HAL.elf.dir/Drivers/STM32F4xx_HAL_Driver/Src/stm32f4xx_hal.c.obj
                0x08000780                HAL_IncTick
 .text.HAL_GetTick
                0x08000798        0xc CMakeFiles/STM32HAL.elf.dir/Drivers/STM32F4xx_HAL_Driver/Src/stm32f4xx_hal.c.obj
                0x08000798                HAL_GetTick
 .text.HAL_Delay
                0x080007a4       0x24 CMakeFiles/STM32HAL.elf.dir/Drivers/STM32F4xx_HAL_Driver/Src/stm32f4xx_hal.c.obj
                0x080007a4                HAL_Delay
 .text.HAL_NVIC_SetPriorityGrouping
                0x080007c8       0x24 CMakeFiles/STM32HAL.elf.dir/Drivers/STM32F4xx_HAL_Driver/Src/stm32f4xx_hal_cortex.c.obj
                0x080007c8                HAL_NVIC_SetPriorityGrouping
 .text.HAL_NVIC_SetPriority
                0x080007ec       0x7c CMakeFiles/STM32HAL.elf.dir/Drivers/STM32F4xx_HAL_Driver/Src/stm32f4xx_hal_cortex.c.obj
                0x080007ec                HAL_NVIC_SetPriority
 .text.HAL_SYSTICK_Config
                0x08000868       0x34 CMakeFiles/STM32HAL.elf.dir/Drivers/STM32F4xx_HAL_Driver/Src/stm32f4xx_hal_cortex.c.obj
                0x08000868                HAL_SYSTICK_Config
 .text.HAL_GPIO_Init
                0x0800089c      0x1e4 CMakeFiles/STM32HAL.elf.dir/Drivers/STM32F4xx_HAL_Driver/Src/stm32f4xx_hal_gpio.c.obj
                0x0800089c                HAL_GPIO_Init
 .text.HAL_GPIO_WritePin
                0x08000a80        0x8 CMakeFiles/STM32HAL.elf.dir/Drivers/STM32F4xx_HAL_Driver/Src/stm32f4xx_hal_gpio.c.obj
                0x08000a80                HAL_GPIO_WritePin
 .text.HAL_GPIO_TogglePin
                0x08000a88       0x14 CMakeFiles/STM32HAL.elf.dir/Drivers/STM32F4xx_HAL_Driver/Src/stm32f4xx_hal_gpio.c.obj
                0x08000a88                HAL_GPIO_TogglePin
 .text.HAL_RCC_OscConfig
                0x08000a9c      0x3c8 CMakeFiles/STM32HAL.elf.dir/Drivers/STM32F4xx_HAL_Driver/Src/stm32f4xx_hal_rcc.c.obj
                0x08000a9c                HAL_RCC_OscConfig
 .text.HAL_RCC_GetSysClockFreq
                0x08000e64       0x68 CMakeFiles/STM32HAL.elf.dir/Drivers/STM32F4xx_HAL_Driver/Src/stm32f4xx_hal_rcc.c.obj
                0x08000e64                HAL_RCC_GetSysClockFreq
 .text.HAL_RCC_ClockConfig
                0x08000ecc      0x13c CMakeFiles/STM32HAL.elf.dir/Drivers/STM32F4xx_HAL_Driver/Src/stm32f4xx_hal_rcc.c.obj
                0x08000ecc                HAL_RCC_ClockConfig
 .text.__libc_init_array
                0x08001008       0x48 c:/program files (x86)/gnu arm embedded toolchain/10 2021.10/bin/../lib/gcc/arm-none-eabi/10.3.1/../../../../arm-none-eabi/lib/thumb/v7e-m+fp/hard\libc_nano.a(lib_a-init.o)
                0x08001008                __libc_init_array
 *(.glue_7)
 .glue_7        0x08001050        0x0 linker stubs
 *(.glue_7t)
 .glue_7t       0x08001050        0x0 linker stubs
 *(.eh_frame)
 .eh_frame      0x08001050        0x0 c:/program files (x86)/gnu arm embedded toolchain/10 2021.10/bin/../lib/gcc/arm-none-eabi/10.3.1/thumb/v7e-m+fp/hard/crtbegin.o
 *(.init)
 .init          0x08001050        0x4 c:/program files (x86)/gnu arm embedded toolchain/10 2021.10/bin/../lib/gcc/arm-none-eabi/10.3.1/thumb/v7e-m+fp/hard/crti.o
                0x08001050                _init
 .init          0x08001054        0x8 c:/program files (x86)/gnu arm embedded toolchain/10 2021.10/bin/../lib/gcc/arm-none-eabi/10.3.1/thumb/v7e-m+fp/hard/crtn.o
 *(.fini)
 .fini          0x0800105c        0x4 c:/program files (x86)/gnu arm embedded toolchain/10 2021.10/bin/../lib/gcc/arm-none-eabi/10.3.1/thumb/v7e-m+fp/hard/crti.o
                0x0800105c                _fini
 .fini          0x08001060        0x8 c:/program files (x86)/gnu arm embedded toolchain/10 2021.10/bin/../lib/gcc/arm-none-eabi/10.3.1/thumb/v7e-m+fp/hard/crtn.o
                0x08001068                . = ALIGN (0x4)
                0x08001068                _etext = .

.vfp11_veneer   0x08001068        0x0
 .vfp11_veneer  0x08001068        0x0 linker stubs

.v4_bx          0x08001068        0x0
 .v4_bx         0x08001068        0x0 linker stubs

.iplt           0x08001068        0x0
 .iplt          0x08001068        0x0 c:/program files (x86)/gnu arm embedded toolchain/10 2021.10/bin/../lib/gcc/arm-none-eabi/10.3.1/thumb/v7e-m+fp/hard/crtbegin.o

.rodata         0x08001068       0x10
                0x08001068                . = ALIGN (0x4)
 *(.rodata)
 *(.rodata*)
 .rodata.AHBPrescTable
                0x08001068       0x10 CMakeFiles/STM32HAL.elf.dir/Core/Src/system_stm32f4xx.c.obj
                0x08001068                AHBPrescTable
                0x08001078                . = ALIGN (0x4)

.ARM.extab
 *(.ARM.extab* .gnu.linkonce.armextab.*)

.ARM            0x08001078        0x8
                0x08001078                __exidx_start = .
 *(.ARM.exidx*)
 .ARM.exidx     0x08001078        0x8 c:/program files (x86)/gnu arm embedded toolchain/10 2021.10/bin/../lib/gcc/arm-none-eabi/10.3.1/thumb/v7e-m+fp/hard\libgcc.a(_udivmoddi4.o)
                0x08001080                __exidx_end = .

.rel.dyn        0x08001080        0x0
 .rel.iplt      0x08001080        0x0 c:/program files (x86)/gnu arm embedded toolchain/10 2021.10/bin/../lib/gcc/arm-none-eabi/10.3.1/thumb/v7e-m+fp/hard/crtbegin.o

.preinit_array  0x08001080        0x0
                0x08001080                PROVIDE (__preinit_array_start = .)
 *(.preinit_array*)
                0x08001080                PROVIDE (__preinit_array_end = .)

.init_array     0x08001080        0x4
                0x08001080                PROVIDE (__init_array_start = .)
 *(SORT_BY_NAME(.init_array.*))
 *(.init_array*)
 .init_array    0x08001080        0x4 c:/program files (x86)/gnu arm embedded toolchain/10 2021.10/bin/../lib/gcc/arm-none-eabi/10.3.1/thumb/v7e-m+fp/hard/crtbegin.o
                0x08001084                PROVIDE (__init_array_end = .)

.fini_array     0x08001084        0x4
                [!provide]                PROVIDE (__fini_array_start = .)
 *(SORT_BY_NAME(.fini_array.*))
 *(.fini_array*)
 .fini_array    0x08001084        0x4 c:/program files (x86)/gnu arm embedded toolchain/10 2021.10/bin/../lib/gcc/arm-none-eabi/10.3.1/thumb/v7e-m+fp/hard/crtbegin.o
                [!provide]                PROVIDE (__fini_array_end = .)
                0x08001088                _sidata = LOADADDR (.data)

.data           0x20000000        0xc load address 0x08001088
                0x20000000                . = ALIGN (0x4)
                0x20000000                _sdata = .
 *(.data)
 *(.data*)
 .data.SystemCoreClock
                0x20000000        0x4 CMakeFiles/STM32HAL.elf.dir/Core/Src/system_stm32f4xx.c.obj
                0x20000000                SystemCoreClock
 .data.uwTickFreq
                0x20000004        0x1 CMakeFiles/STM32HAL.elf.dir/Drivers/STM32F4xx_HAL_Driver/Src/stm32f4xx_hal.c.obj
                0x20000004                uwTickFreq
 *fill*         0x20000005        0x3 
 .data.uwTickPrio
                0x20000008        0x4 CMakeFiles/STM32HAL.elf.dir/Drivers/STM32F4xx_HAL_Driver/Src/stm32f4xx_hal.c.obj
                0x20000008                uwTickPrio
                0x2000000c                . = ALIGN (0x4)
                0x2000000c                _edata = .

.igot.plt       0x2000000c        0x0 load address 0x08001094
 .igot.plt      0x2000000c        0x0 c:/program files (x86)/gnu arm embedded toolchain/10 2021.10/bin/../lib/gcc/arm-none-eabi/10.3.1/thumb/v7e-m+fp/hard/crtbegin.o
                0x2000000c                . = ALIGN (0x4)

.bss            0x2000000c       0x20 load address 0x08001094
                0x2000000c                _sbss = .
                0x2000000c                __bss_start__ = _sbss
 *(.bss)
 .bss           0x2000000c       0x1c c:/program files (x86)/gnu arm embedded toolchain/10 2021.10/bin/../lib/gcc/arm-none-eabi/10.3.1/thumb/v7e-m+fp/hard/crtbegin.o
 *(.bss*)
 .bss.uwTick    0x20000028        0x4 CMakeFiles/STM32HAL.elf.dir/Drivers/STM32F4xx_HAL_Driver/Src/stm32f4xx_hal.c.obj
                0x20000028                uwTick
 *(COMMON)
                0x2000002c                . = ALIGN (0x4)
                0x2000002c                _ebss = .
                0x2000002c                __bss_end__ = _ebss

._user_heap_stack
                0x2000002c      0x604 load address 0x08001094
                0x20000030                . = ALIGN (0x8)
 *fill*         0x2000002c        0x4 
                [!provide]                PROVIDE (end = .)
                [!provide]                PROVIDE (_end = .)
                0x20000230                . = (. + _Min_Heap_Size)
 *fill*         0x20000030      0x200 
                0x20000630                . = (. + _Min_Stack_Size)
 *fill*         0x20000230      0x400 
                0x20000630                . = ALIGN (0x8)

/DISCARD/
 libc.a(*)
 libm.a(*)
 libgcc.a(*)

.ARM.attributes
                0x00000000       0x30
 *(.ARM.attributes)
 .ARM.attributes
                0x00000000       0x1e c:/program files (x86)/gnu arm embedded toolchain/10 2021.10/bin/../lib/gcc/arm-none-eabi/10.3.1/thumb/v7e-m+fp/hard/crti.o
 .ARM.attributes
                0x0000001e       0x34 c:/program files (x86)/gnu arm embedded toolchain/10 2021.10/bin/../lib/gcc/arm-none-eabi/10.3.1/thumb/v7e-m+fp/hard/crtbegin.o
 .ARM.attributes
                0x00000052       0x21 CMakeFiles/STM32HAL.elf.dir/startup_stm32f411xe.s.obj
 .ARM.attributes
                0x00000073       0x30 CMakeFiles/STM32HAL.elf.dir/Core/Src/main.c.obj
 .ARM.attributes
                0x000000a3       0x30 CMakeFiles/STM32HAL.elf.dir/Core/Src/mysetp.c.obj
 .ARM.attributes
                0x000000d3       0x30 CMakeFiles/STM32HAL.elf.dir/Core/Src/stm32f4xx_hal_msp.c.obj
 .ARM.attributes
                0x00000103       0x30 CMakeFiles/STM32HAL.elf.dir/Core/Src/stm32f4xx_it.c.obj
 .ARM.attributes
                0x00000133       0x30 CMakeFiles/STM32HAL.elf.dir/Core/Src/system_stm32f4xx.c.obj
 .ARM.attributes
                0x00000163       0x30 CMakeFiles/STM32HAL.elf.dir/Drivers/STM32F4xx_HAL_Driver/Src/stm32f4xx_hal.c.obj
 .ARM.attributes
                0x00000193       0x30 CMakeFiles/STM32HAL.elf.dir/Drivers/STM32F4xx_HAL_Driver/Src/stm32f4xx_hal_cortex.c.obj
 .ARM.attributes
                0x000001c3       0x30 CMakeFiles/STM32HAL.elf.dir/Drivers/STM32F4xx_HAL_Driver/Src/stm32f4xx_hal_gpio.c.obj
 .ARM.attributes
                0x000001f3       0x30 CMakeFiles/STM32HAL.elf.dir/Drivers/STM32F4xx_HAL_Driver/Src/stm32f4xx_hal_rcc.c.obj
 .ARM.attributes
                0x00000223       0x1e c:/program files (x86)/gnu arm embedded toolchain/10 2021.10/bin/../lib/gcc/arm-none-eabi/10.3.1/thumb/v7e-m+fp/hard\libgcc.a(_aeabi_uldivmod.o)
 .ARM.attributes
                0x00000241       0x34 c:/program files (x86)/gnu arm embedded toolchain/10 2021.10/bin/../lib/gcc/arm-none-eabi/10.3.1/thumb/v7e-m+fp/hard\libgcc.a(_udivmoddi4.o)
 .ARM.attributes
                0x00000275       0x1e c:/program files (x86)/gnu arm embedded toolchain/10 2021.10/bin/../lib/gcc/arm-none-eabi/10.3.1/thumb/v7e-m+fp/hard\libgcc.a(_dvmd_tls.o)
 .ARM.attributes
                0x00000293       0x34 c:/program files (x86)/gnu arm embedded toolchain/10 2021.10/bin/../lib/gcc/arm-none-eabi/10.3.1/../../../../arm-none-eabi/lib/thumb/v7e-m+fp/hard\libc_nano.a(lib_a-init.o)
 .ARM.attributes
                0x000002c7       0x1e c:/program files (x86)/gnu arm embedded toolchain/10 2021.10/bin/../lib/gcc/arm-none-eabi/10.3.1/thumb/v7e-m+fp/hard/crtn.o
OUTPUT(STM32HAL.elf elf32-littlearm)
LOAD linker stubs
LOAD c:/program files (x86)/gnu arm embedded toolchain/10 2021.10/bin/../lib/gcc/arm-none-eabi/10.3.1/../../../../arm-none-eabi/lib/thumb/v7e-m+fp/hard\libc.a
LOAD c:/program files (x86)/gnu arm embedded toolchain/10 2021.10/bin/../lib/gcc/arm-none-eabi/10.3.1/../../../../arm-none-eabi/lib/thumb/v7e-m+fp/hard\libm.a
LOAD c:/program files (x86)/gnu arm embedded toolchain/10 2021.10/bin/../lib/gcc/arm-none-eabi/10.3.1/thumb/v7e-m+fp/hard\libgcc.a

.comment        0x00000000       0x49
 .comment       0x00000000       0x49 CMakeFiles/STM32HAL.elf.dir/Core/Src/main.c.obj
                                 0x4a (size before relaxing)
 .comment       0x00000049       0x4a CMakeFiles/STM32HAL.elf.dir/Core/Src/mysetp.c.obj
 .comment       0x00000049       0x4a CMakeFiles/STM32HAL.elf.dir/Core/Src/stm32f4xx_hal_msp.c.obj
 .comment       0x00000049       0x4a CMakeFiles/STM32HAL.elf.dir/Core/Src/stm32f4xx_it.c.obj
 .comment       0x00000049       0x4a CMakeFiles/STM32HAL.elf.dir/Core/Src/system_stm32f4xx.c.obj
 .comment       0x00000049       0x4a CMakeFiles/STM32HAL.elf.dir/Drivers/STM32F4xx_HAL_Driver/Src/stm32f4xx_hal.c.obj
 .comment       0x00000049       0x4a CMakeFiles/STM32HAL.elf.dir/Drivers/STM32F4xx_HAL_Driver/Src/stm32f4xx_hal_cortex.c.obj
 .comment       0x00000049       0x4a CMakeFiles/STM32HAL.elf.dir/Drivers/STM32F4xx_HAL_Driver/Src/stm32f4xx_hal_gpio.c.obj
 .comment       0x00000049       0x4a CMakeFiles/STM32HAL.elf.dir/Drivers/STM32F4xx_HAL_Driver/Src/stm32f4xx_hal_rcc.c.obj

.debug_frame    0x00000000       0x8c
 .debug_frame   0x00000000       0x2c c:/program files (x86)/gnu arm embedded toolchain/10 2021.10/bin/../lib/gcc/arm-none-eabi/10.3.1/thumb/v7e-m+fp/hard\libgcc.a(_aeabi_uldivmod.o)
 .debug_frame   0x0000002c       0x34 c:/program files (x86)/gnu arm embedded toolchain/10 2021.10/bin/../lib/gcc/arm-none-eabi/10.3.1/thumb/v7e-m+fp/hard\libgcc.a(_udivmoddi4.o)
 .debug_frame   0x00000060       0x2c c:/program files (x86)/gnu arm embedded toolchain/10 2021.10/bin/../lib/gcc/arm-none-eabi/10.3.1/../../../../arm-none-eabi/lib/thumb/v7e-m+fp/hard\libc_nano.a(lib_a-init.o)

Cross Reference Table

Symbol                                            File
ADC_IRQHandler                                    CMakeFiles/STM32HAL.elf.dir/startup_stm32f411xe.s.obj
AHBPrescTable                                     CMakeFiles/STM32HAL.elf.dir/Core/Src/system_stm32f4xx.c.obj
                                                  CMakeFiles/STM32HAL.elf.dir/Drivers/STM32F4xx_HAL_Driver/Src/stm32f4xx_hal_rcc.c.obj
APBPrescTable                                     CMakeFiles/STM32HAL.elf.dir/Core/Src/system_stm32f4xx.c.obj
                                                  CMakeFiles/STM32HAL.elf.dir/Drivers/STM32F4xx_HAL_Driver/Src/stm32f4xx_hal_rcc.c.obj
BusFault_Handler                                  CMakeFiles/STM32HAL.elf.dir/Core/Src/stm32f4xx_it.c.obj
                                                  CMakeFiles/STM32HAL.elf.dir/startup_stm32f411xe.s.obj
DMA1_Stream0_IRQHandler                           CMakeFiles/STM32HAL.elf.dir/startup_stm32f411xe.s.obj
DMA1_Stream1_IRQHandler                           CMakeFiles/STM32HAL.elf.dir/startup_stm32f411xe.s.obj
DMA1_Stream2_IRQHandler                           CMakeFiles/STM32HAL.elf.dir/startup_stm32f411xe.s.obj
DMA1_Stream3_IRQHandler                           CMakeFiles/STM32HAL.elf.dir/startup_stm32f411xe.s.obj
DMA1_Stream4_IRQHandler                           CMakeFiles/STM32HAL.elf.dir/startup_stm32f411xe.s.obj
DMA1_Stream5_IRQHandler                           CMakeFiles/STM32HAL.elf.dir/startup_stm32f411xe.s.obj
DMA1_Stream6_IRQHandler                           CMakeFiles/STM32HAL.elf.dir/startup_stm32f411xe.s.obj
DMA1_Stream7_IRQHandler                           CMakeFiles/STM32HAL.elf.dir/startup_stm32f411xe.s.obj
DMA2_Stream0_IRQHandler                           CMakeFiles/STM32HAL.elf.dir/startup_stm32f411xe.s.obj
DMA2_Stream1_IRQHandler                           CMakeFiles/STM32HAL.elf.dir/startup_stm32f411xe.s.obj
DMA2_Stream2_IRQHandler                           CMakeFiles/STM32HAL.elf.dir/startup_stm32f411xe.s.obj
DMA2_Stream3_IRQHandler                           CMakeFiles/STM32HAL.elf.dir/startup_stm32f411xe.s.obj
DMA2_Stream4_IRQHandler                           CMakeFiles/STM32HAL.elf.dir/startup_stm32f411xe.s.obj
DMA2_Stream5_IRQHandler                           CMakeFiles/STM32HAL.elf.dir/startup_stm32f411xe.s.obj
DMA2_Stream6_IRQHandler                           CMakeFiles/STM32HAL.elf.dir/startup_stm32f411xe.s.obj
DMA2_Stream7_IRQHandler                           CMakeFiles/STM32HAL.elf.dir/startup_stm32f411xe.s.obj
DebugMon_Handler                                  CMakeFiles/STM32HAL.elf.dir/Core/Src/stm32f4xx_it.c.obj
                                                  CMakeFiles/STM32HAL.elf.dir/startup_stm32f411xe.s.obj
Default_Handler                                   CMakeFiles/STM32HAL.elf.dir/startup_stm32f411xe.s.obj
EXTI0_IRQHandler                                  CMakeFiles/STM32HAL.elf.dir/startup_stm32f411xe.s.obj
EXTI15_10_IRQHandler                              CMakeFiles/STM32HAL.elf.dir/startup_stm32f411xe.s.obj
EXTI1_IRQHandler                                  CMakeFiles/STM32HAL.elf.dir/startup_stm32f411xe.s.obj
EXTI2_IRQHandler                                  CMakeFiles/STM32HAL.elf.dir/startup_stm32f411xe.s.obj
EXTI3_IRQHandler                                  CMakeFiles/STM32HAL.elf.dir/startup_stm32f411xe.s.obj
EXTI4_IRQHandler                                  CMakeFiles/STM32HAL.elf.dir/startup_stm32f411xe.s.obj
EXTI9_5_IRQHandler                                CMakeFiles/STM32HAL.elf.dir/startup_stm32f411xe.s.obj
Error_Handler                                     CMakeFiles/STM32HAL.elf.dir/Core/Src/main.c.obj
FLASH_Erase_Sector                                CMakeFiles/STM32HAL.elf.dir/Drivers/STM32F4xx_HAL_Driver/Src/stm32f4xx_hal_flash_ex.c.obj
                                                  CMakeFiles/STM32HAL.elf.dir/Drivers/STM32F4xx_HAL_Driver/Src/stm32f4xx_hal_flash.c.obj
FLASH_FlushCaches                                 CMakeFiles/STM32HAL.elf.dir/Drivers/STM32F4xx_HAL_Driver/Src/stm32f4xx_hal_flash_ex.c.obj
                                                  CMakeFiles/STM32HAL.elf.dir/Drivers/STM32F4xx_HAL_Driver/Src/stm32f4xx_hal_flash.c.obj
FLASH_IRQHandler                                  CMakeFiles/STM32HAL.elf.dir/startup_stm32f411xe.s.obj
FLASH_WaitForLastOperation                        CMakeFiles/STM32HAL.elf.dir/Drivers/STM32F4xx_HAL_Driver/Src/stm32f4xx_hal_flash.c.obj
                                                  CMakeFiles/STM32HAL.elf.dir/Drivers/STM32F4xx_HAL_Driver/Src/stm32f4xx_hal_flash_ex.c.obj
FPU_IRQHandler                                    CMakeFiles/STM32HAL.elf.dir/startup_stm32f411xe.s.obj
HAL_DBGMCU_DisableDBGSleepMode                    CMakeFiles/STM32HAL.elf.dir/Drivers/STM32F4xx_HAL_Driver/Src/stm32f4xx_hal.c.obj
HAL_DBGMCU_DisableDBGStandbyMode                  CMakeFiles/STM32HAL.elf.dir/Drivers/STM32F4xx_HAL_Driver/Src/stm32f4xx_hal.c.obj
HAL_DBGMCU_DisableDBGStopMode                     CMakeFiles/STM32HAL.elf.dir/Drivers/STM32F4xx_HAL_Driver/Src/stm32f4xx_hal.c.obj
HAL_DBGMCU_EnableDBGSleepMode                     CMakeFiles/STM32HAL.elf.dir/Drivers/STM32F4xx_HAL_Driver/Src/stm32f4xx_hal.c.obj
HAL_DBGMCU_EnableDBGStandbyMode                   CMakeFiles/STM32HAL.elf.dir/Drivers/STM32F4xx_HAL_Driver/Src/stm32f4xx_hal.c.obj
HAL_DBGMCU_EnableDBGStopMode                      CMakeFiles/STM32HAL.elf.dir/Drivers/STM32F4xx_HAL_Driver/Src/stm32f4xx_hal.c.obj
HAL_DMAEx_ChangeMemory                            CMakeFiles/STM32HAL.elf.dir/Drivers/STM32F4xx_HAL_Driver/Src/stm32f4xx_hal_dma_ex.c.obj
HAL_DMAEx_MultiBufferStart                        CMakeFiles/STM32HAL.elf.dir/Drivers/STM32F4xx_HAL_Driver/Src/stm32f4xx_hal_dma_ex.c.obj
HAL_DMAEx_MultiBufferStart_IT                     CMakeFiles/STM32HAL.elf.dir/Drivers/STM32F4xx_HAL_Driver/Src/stm32f4xx_hal_dma_ex.c.obj
HAL_DMA_Abort                                     CMakeFiles/STM32HAL.elf.dir/Drivers/STM32F4xx_HAL_Driver/Src/stm32f4xx_hal_dma.c.obj
HAL_DMA_Abort_IT                                  CMakeFiles/STM32HAL.elf.dir/Drivers/STM32F4xx_HAL_Driver/Src/stm32f4xx_hal_dma.c.obj
HAL_DMA_DeInit                                    CMakeFiles/STM32HAL.elf.dir/Drivers/STM32F4xx_HAL_Driver/Src/stm32f4xx_hal_dma.c.obj
HAL_DMA_GetError                                  CMakeFiles/STM32HAL.elf.dir/Drivers/STM32F4xx_HAL_Driver/Src/stm32f4xx_hal_dma.c.obj
HAL_DMA_GetState                                  CMakeFiles/STM32HAL.elf.dir/Drivers/STM32F4xx_HAL_Driver/Src/stm32f4xx_hal_dma.c.obj
HAL_DMA_IRQHandler                                CMakeFiles/STM32HAL.elf.dir/Drivers/STM32F4xx_HAL_Driver/Src/stm32f4xx_hal_dma.c.obj
HAL_DMA_Init                                      CMakeFiles/STM32HAL.elf.dir/Drivers/STM32F4xx_HAL_Driver/Src/stm32f4xx_hal_dma.c.obj
HAL_DMA_PollForTransfer                           CMakeFiles/STM32HAL.elf.dir/Drivers/STM32F4xx_HAL_Driver/Src/stm32f4xx_hal_dma.c.obj
HAL_DMA_RegisterCallback                          CMakeFiles/STM32HAL.elf.dir/Drivers/STM32F4xx_HAL_Driver/Src/stm32f4xx_hal_dma.c.obj
HAL_DMA_Start                                     CMakeFiles/STM32HAL.elf.dir/Drivers/STM32F4xx_HAL_Driver/Src/stm32f4xx_hal_dma.c.obj
HAL_DMA_Start_IT                                  CMakeFiles/STM32HAL.elf.dir/Drivers/STM32F4xx_HAL_Driver/Src/stm32f4xx_hal_dma.c.obj
HAL_DMA_UnRegisterCallback                        CMakeFiles/STM32HAL.elf.dir/Drivers/STM32F4xx_HAL_Driver/Src/stm32f4xx_hal_dma.c.obj
HAL_DeInit                                        CMakeFiles/STM32HAL.elf.dir/Drivers/STM32F4xx_HAL_Driver/Src/stm32f4xx_hal.c.obj
HAL_Delay                                         CMakeFiles/STM32HAL.elf.dir/Drivers/STM32F4xx_HAL_Driver/Src/stm32f4xx_hal.c.obj
                                                  CMakeFiles/STM32HAL.elf.dir/Core/Src/mysetp.c.obj
HAL_DisableCompensationCell                       CMakeFiles/STM32HAL.elf.dir/Drivers/STM32F4xx_HAL_Driver/Src/stm32f4xx_hal.c.obj
HAL_EXTI_ClearConfigLine                          CMakeFiles/STM32HAL.elf.dir/Drivers/STM32F4xx_HAL_Driver/Src/stm32f4xx_hal_exti.c.obj
HAL_EXTI_ClearPending                             CMakeFiles/STM32HAL.elf.dir/Drivers/STM32F4xx_HAL_Driver/Src/stm32f4xx_hal_exti.c.obj
HAL_EXTI_GenerateSWI                              CMakeFiles/STM32HAL.elf.dir/Drivers/STM32F4xx_HAL_Driver/Src/stm32f4xx_hal_exti.c.obj
HAL_EXTI_GetConfigLine                            CMakeFiles/STM32HAL.elf.dir/Drivers/STM32F4xx_HAL_Driver/Src/stm32f4xx_hal_exti.c.obj
HAL_EXTI_GetHandle                                CMakeFiles/STM32HAL.elf.dir/Drivers/STM32F4xx_HAL_Driver/Src/stm32f4xx_hal_exti.c.obj
HAL_EXTI_GetPending                               CMakeFiles/STM32HAL.elf.dir/Drivers/STM32F4xx_HAL_Driver/Src/stm32f4xx_hal_exti.c.obj
HAL_EXTI_IRQHandler                               CMakeFiles/STM32HAL.elf.dir/Drivers/STM32F4xx_HAL_Driver/Src/stm32f4xx_hal_exti.c.obj
HAL_EXTI_RegisterCallback                         CMakeFiles/STM32HAL.elf.dir/Drivers/STM32F4xx_HAL_Driver/Src/stm32f4xx_hal_exti.c.obj
HAL_EXTI_SetConfigLine                            CMakeFiles/STM32HAL.elf.dir/Drivers/STM32F4xx_HAL_Driver/Src/stm32f4xx_hal_exti.c.obj
HAL_EnableCompensationCell                        CMakeFiles/STM32HAL.elf.dir/Drivers/STM32F4xx_HAL_Driver/Src/stm32f4xx_hal.c.obj
HAL_FLASHEx_AdvOBGetConfig                        CMakeFiles/STM32HAL.elf.dir/Drivers/STM32F4xx_HAL_Driver/Src/stm32f4xx_hal_flash_ex.c.obj
HAL_FLASHEx_AdvOBProgram                          CMakeFiles/STM32HAL.elf.dir/Drivers/STM32F4xx_HAL_Driver/Src/stm32f4xx_hal_flash_ex.c.obj
HAL_FLASHEx_DisableFlashSleepMode                 CMakeFiles/STM32HAL.elf.dir/Drivers/STM32F4xx_HAL_Driver/Src/stm32f4xx_hal_flash_ramfunc.c.obj
HAL_FLASHEx_EnableFlashSleepMode                  CMakeFiles/STM32HAL.elf.dir/Drivers/STM32F4xx_HAL_Driver/Src/stm32f4xx_hal_flash_ramfunc.c.obj
HAL_FLASHEx_Erase                                 CMakeFiles/STM32HAL.elf.dir/Drivers/STM32F4xx_HAL_Driver/Src/stm32f4xx_hal_flash_ex.c.obj
HAL_FLASHEx_Erase_IT                              CMakeFiles/STM32HAL.elf.dir/Drivers/STM32F4xx_HAL_Driver/Src/stm32f4xx_hal_flash_ex.c.obj
HAL_FLASHEx_OBGetConfig                           CMakeFiles/STM32HAL.elf.dir/Drivers/STM32F4xx_HAL_Driver/Src/stm32f4xx_hal_flash_ex.c.obj
HAL_FLASHEx_OBProgram                             CMakeFiles/STM32HAL.elf.dir/Drivers/STM32F4xx_HAL_Driver/Src/stm32f4xx_hal_flash_ex.c.obj
HAL_FLASHEx_OB_DeSelectPCROP                      CMakeFiles/STM32HAL.elf.dir/Drivers/STM32F4xx_HAL_Driver/Src/stm32f4xx_hal_flash_ex.c.obj
HAL_FLASHEx_OB_SelectPCROP                        CMakeFiles/STM32HAL.elf.dir/Drivers/STM32F4xx_HAL_Driver/Src/stm32f4xx_hal_flash_ex.c.obj
HAL_FLASHEx_StartFlashInterfaceClk                CMakeFiles/STM32HAL.elf.dir/Drivers/STM32F4xx_HAL_Driver/Src/stm32f4xx_hal_flash_ramfunc.c.obj
HAL_FLASHEx_StopFlashInterfaceClk                 CMakeFiles/STM32HAL.elf.dir/Drivers/STM32F4xx_HAL_Driver/Src/stm32f4xx_hal_flash_ramfunc.c.obj
HAL_FLASH_EndOfOperationCallback                  CMakeFiles/STM32HAL.elf.dir/Drivers/STM32F4xx_HAL_Driver/Src/stm32f4xx_hal_flash.c.obj
HAL_FLASH_GetError                                CMakeFiles/STM32HAL.elf.dir/Drivers/STM32F4xx_HAL_Driver/Src/stm32f4xx_hal_flash.c.obj
HAL_FLASH_IRQHandler                              CMakeFiles/STM32HAL.elf.dir/Drivers/STM32F4xx_HAL_Driver/Src/stm32f4xx_hal_flash.c.obj
HAL_FLASH_Lock                                    CMakeFiles/STM32HAL.elf.dir/Drivers/STM32F4xx_HAL_Driver/Src/stm32f4xx_hal_flash.c.obj
HAL_FLASH_OB_Launch                               CMakeFiles/STM32HAL.elf.dir/Drivers/STM32F4xx_HAL_Driver/Src/stm32f4xx_hal_flash.c.obj
HAL_FLASH_OB_Lock                                 CMakeFiles/STM32HAL.elf.dir/Drivers/STM32F4xx_HAL_Driver/Src/stm32f4xx_hal_flash.c.obj
HAL_FLASH_OB_Unlock                               CMakeFiles/STM32HAL.elf.dir/Drivers/STM32F4xx_HAL_Driver/Src/stm32f4xx_hal_flash.c.obj
HAL_FLASH_OperationErrorCallback                  CMakeFiles/STM32HAL.elf.dir/Drivers/STM32F4xx_HAL_Driver/Src/stm32f4xx_hal_flash.c.obj
HAL_FLASH_Program                                 CMakeFiles/STM32HAL.elf.dir/Drivers/STM32F4xx_HAL_Driver/Src/stm32f4xx_hal_flash.c.obj
HAL_FLASH_Program_IT                              CMakeFiles/STM32HAL.elf.dir/Drivers/STM32F4xx_HAL_Driver/Src/stm32f4xx_hal_flash.c.obj
HAL_FLASH_Unlock                                  CMakeFiles/STM32HAL.elf.dir/Drivers/STM32F4xx_HAL_Driver/Src/stm32f4xx_hal_flash.c.obj
HAL_GPIO_DeInit                                   CMakeFiles/STM32HAL.elf.dir/Drivers/STM32F4xx_HAL_Driver/Src/stm32f4xx_hal_gpio.c.obj
HAL_GPIO_EXTI_Callback                            CMakeFiles/STM32HAL.elf.dir/Drivers/STM32F4xx_HAL_Driver/Src/stm32f4xx_hal_gpio.c.obj
HAL_GPIO_EXTI_IRQHandler                          CMakeFiles/STM32HAL.elf.dir/Drivers/STM32F4xx_HAL_Driver/Src/stm32f4xx_hal_gpio.c.obj
HAL_GPIO_Init                                     CMakeFiles/STM32HAL.elf.dir/Drivers/STM32F4xx_HAL_Driver/Src/stm32f4xx_hal_gpio.c.obj
                                                  CMakeFiles/STM32HAL.elf.dir/Drivers/STM32F4xx_HAL_Driver/Src/stm32f4xx_hal_rcc.c.obj
                                                  CMakeFiles/STM32HAL.elf.dir/Core/Src/main.c.obj
HAL_GPIO_LockPin                                  CMakeFiles/STM32HAL.elf.dir/Drivers/STM32F4xx_HAL_Driver/Src/stm32f4xx_hal_gpio.c.obj
HAL_GPIO_ReadPin                                  CMakeFiles/STM32HAL.elf.dir/Drivers/STM32F4xx_HAL_Driver/Src/stm32f4xx_hal_gpio.c.obj
HAL_GPIO_TogglePin                                CMakeFiles/STM32HAL.elf.dir/Drivers/STM32F4xx_HAL_Driver/Src/stm32f4xx_hal_gpio.c.obj
                                                  CMakeFiles/STM32HAL.elf.dir/Core/Src/mysetp.c.obj
HAL_GPIO_WritePin                                 CMakeFiles/STM32HAL.elf.dir/Drivers/STM32F4xx_HAL_Driver/Src/stm32f4xx_hal_gpio.c.obj
                                                  CMakeFiles/STM32HAL.elf.dir/Core/Src/main.c.obj
HAL_GetDEVID                                      CMakeFiles/STM32HAL.elf.dir/Drivers/STM32F4xx_HAL_Driver/Src/stm32f4xx_hal.c.obj
HAL_GetHalVersion                                 CMakeFiles/STM32HAL.elf.dir/Drivers/STM32F4xx_HAL_Driver/Src/stm32f4xx_hal.c.obj
HAL_GetREVID                                      CMakeFiles/STM32HAL.elf.dir/Drivers/STM32F4xx_HAL_Driver/Src/stm32f4xx_hal.c.obj
HAL_GetTick                                       CMakeFiles/STM32HAL.elf.dir/Drivers/STM32F4xx_HAL_Driver/Src/stm32f4xx_hal.c.obj
                                                  CMakeFiles/STM32HAL.elf.dir/Drivers/STM32F4xx_HAL_Driver/Src/stm32f4xx_hal_rcc_ex.c.obj
                                                  CMakeFiles/STM32HAL.elf.dir/Drivers/STM32F4xx_HAL_Driver/Src/stm32f4xx_hal_rcc.c.obj
                                                  CMakeFiles/STM32HAL.elf.dir/Drivers/STM32F4xx_HAL_Driver/Src/stm32f4xx_hal_pwr_ex.c.obj
                                                  CMakeFiles/STM32HAL.elf.dir/Drivers/STM32F4xx_HAL_Driver/Src/stm32f4xx_hal_flash.c.obj
                                                  CMakeFiles/STM32HAL.elf.dir/Drivers/STM32F4xx_HAL_Driver/Src/stm32f4xx_hal_dma.c.obj
HAL_GetTickFreq                                   CMakeFiles/STM32HAL.elf.dir/Drivers/STM32F4xx_HAL_Driver/Src/stm32f4xx_hal.c.obj
HAL_GetTickPrio                                   CMakeFiles/STM32HAL.elf.dir/Drivers/STM32F4xx_HAL_Driver/Src/stm32f4xx_hal.c.obj
HAL_GetUIDw0                                      CMakeFiles/STM32HAL.elf.dir/Drivers/STM32F4xx_HAL_Driver/Src/stm32f4xx_hal.c.obj
HAL_GetUIDw1                                      CMakeFiles/STM32HAL.elf.dir/Drivers/STM32F4xx_HAL_Driver/Src/stm32f4xx_hal.c.obj
HAL_GetUIDw2                                      CMakeFiles/STM32HAL.elf.dir/Drivers/STM32F4xx_HAL_Driver/Src/stm32f4xx_hal.c.obj
HAL_IncTick                                       CMakeFiles/STM32HAL.elf.dir/Drivers/STM32F4xx_HAL_Driver/Src/stm32f4xx_hal.c.obj
                                                  CMakeFiles/STM32HAL.elf.dir/Core/Src/stm32f4xx_it.c.obj
HAL_Init                                          CMakeFiles/STM32HAL.elf.dir/Drivers/STM32F4xx_HAL_Driver/Src/stm32f4xx_hal.c.obj
                                                  CMakeFiles/STM32HAL.elf.dir/Core/Src/main.c.obj
HAL_InitTick                                      CMakeFiles/STM32HAL.elf.dir/Drivers/STM32F4xx_HAL_Driver/Src/stm32f4xx_hal.c.obj
                                                  CMakeFiles/STM32HAL.elf.dir/Drivers/STM32F4xx_HAL_Driver/Src/stm32f4xx_hal_rcc_ex.c.obj
                                                  CMakeFiles/STM32HAL.elf.dir/Drivers/STM32F4xx_HAL_Driver/Src/stm32f4xx_hal_rcc.c.obj
HAL_MPU_ConfigRegion                              CMakeFiles/STM32HAL.elf.dir/Drivers/STM32F4xx_HAL_Driver/Src/stm32f4xx_hal_cortex.c.obj
HAL_MPU_Disable                                   CMakeFiles/STM32HAL.elf.dir/Drivers/STM32F4xx_HAL_Driver/Src/stm32f4xx_hal_cortex.c.obj
HAL_MPU_Enable                                    CMakeFiles/STM32HAL.elf.dir/Drivers/STM32F4xx_HAL_Driver/Src/stm32f4xx_hal_cortex.c.obj
HAL_MspDeInit                                     CMakeFiles/STM32HAL.elf.dir/Drivers/STM32F4xx_HAL_Driver/Src/stm32f4xx_hal.c.obj
HAL_MspInit                                       CMakeFiles/STM32HAL.elf.dir/Core/Src/stm32f4xx_hal_msp.c.obj
HAL_NVIC_ClearPendingIRQ                          CMakeFiles/STM32HAL.elf.dir/Drivers/STM32F4xx_HAL_Driver/Src/stm32f4xx_hal_cortex.c.obj
HAL_NVIC_DisableIRQ                               CMakeFiles/STM32HAL.elf.dir/Drivers/STM32F4xx_HAL_Driver/Src/stm32f4xx_hal_cortex.c.obj
HAL_NVIC_EnableIRQ                                CMakeFiles/STM32HAL.elf.dir/Drivers/STM32F4xx_HAL_Driver/Src/stm32f4xx_hal_cortex.c.obj
HAL_NVIC_GetActive                                CMakeFiles/STM32HAL.elf.dir/Drivers/STM32F4xx_HAL_Driver/Src/stm32f4xx_hal_cortex.c.obj
HAL_NVIC_GetPendingIRQ                            CMakeFiles/STM32HAL.elf.dir/Drivers/STM32F4xx_HAL_Driver/Src/stm32f4xx_hal_cortex.c.obj
HAL_NVIC_GetPriority                              CMakeFiles/STM32HAL.elf.dir/Drivers/STM32F4xx_HAL_Driver/Src/stm32f4xx_hal_cortex.c.obj
HAL_NVIC_GetPriorityGrouping                      CMakeFiles/STM32HAL.elf.dir/Drivers/STM32F4xx_HAL_Driver/Src/stm32f4xx_hal_cortex.c.obj
HAL_NVIC_SetPendingIRQ                            CMakeFiles/STM32HAL.elf.dir/Drivers/STM32F4xx_HAL_Driver/Src/stm32f4xx_hal_cortex.c.obj
HAL_NVIC_SetPriority                              CMakeFiles/STM32HAL.elf.dir/Drivers/STM32F4xx_HAL_Driver/Src/stm32f4xx_hal_cortex.c.obj
                                                  CMakeFiles/STM32HAL.elf.dir/Drivers/STM32F4xx_HAL_Driver/Src/stm32f4xx_hal.c.obj
HAL_NVIC_SetPriorityGrouping                      CMakeFiles/STM32HAL.elf.dir/Drivers/STM32F4xx_HAL_Driver/Src/stm32f4xx_hal_cortex.c.obj
                                                  CMakeFiles/STM32HAL.elf.dir/Drivers/STM32F4xx_HAL_Driver/Src/stm32f4xx_hal.c.obj
HAL_NVIC_SystemReset                              CMakeFiles/STM32HAL.elf.dir/Drivers/STM32F4xx_HAL_Driver/Src/stm32f4xx_hal_cortex.c.obj
HAL_PWREx_ControlVoltageScaling                   CMakeFiles/STM32HAL.elf.dir/Drivers/STM32F4xx_HAL_Driver/Src/stm32f4xx_hal_pwr_ex.c.obj
HAL_PWREx_DisableBkUpReg                          CMakeFiles/STM32HAL.elf.dir/Drivers/STM32F4xx_HAL_Driver/Src/stm32f4xx_hal_pwr_ex.c.obj
HAL_PWREx_DisableFlashPowerDown                   CMakeFiles/STM32HAL.elf.dir/Drivers/STM32F4xx_HAL_Driver/Src/stm32f4xx_hal_pwr_ex.c.obj
HAL_PWREx_DisableLowRegulatorLowVoltage           CMakeFiles/STM32HAL.elf.dir/Drivers/STM32F4xx_HAL_Driver/Src/stm32f4xx_hal_pwr_ex.c.obj
HAL_PWREx_DisableMainRegulatorLowVoltage          CMakeFiles/STM32HAL.elf.dir/Drivers/STM32F4xx_HAL_Driver/Src/stm32f4xx_hal_pwr_ex.c.obj
HAL_PWREx_EnableBkUpReg                           CMakeFiles/STM32HAL.elf.dir/Drivers/STM32F4xx_HAL_Driver/Src/stm32f4xx_hal_pwr_ex.c.obj
HAL_PWREx_EnableFlashPowerDown                    CMakeFiles/STM32HAL.elf.dir/Drivers/STM32F4xx_HAL_Driver/Src/stm32f4xx_hal_pwr_ex.c.obj
HAL_PWREx_EnableLowRegulatorLowVoltage            CMakeFiles/STM32HAL.elf.dir/Drivers/STM32F4xx_HAL_Driver/Src/stm32f4xx_hal_pwr_ex.c.obj
HAL_PWREx_EnableMainRegulatorLowVoltage           CMakeFiles/STM32HAL.elf.dir/Drivers/STM32F4xx_HAL_Driver/Src/stm32f4xx_hal_pwr_ex.c.obj
HAL_PWREx_GetVoltageRange                         CMakeFiles/STM32HAL.elf.dir/Drivers/STM32F4xx_HAL_Driver/Src/stm32f4xx_hal_pwr_ex.c.obj
HAL_PWR_ConfigPVD                                 CMakeFiles/STM32HAL.elf.dir/Drivers/STM32F4xx_HAL_Driver/Src/stm32f4xx_hal_pwr.c.obj
HAL_PWR_DeInit                                    CMakeFiles/STM32HAL.elf.dir/Drivers/STM32F4xx_HAL_Driver/Src/stm32f4xx_hal_pwr.c.obj
HAL_PWR_DisableBkUpAccess                         CMakeFiles/STM32HAL.elf.dir/Drivers/STM32F4xx_HAL_Driver/Src/stm32f4xx_hal_pwr.c.obj
HAL_PWR_DisablePVD                                CMakeFiles/STM32HAL.elf.dir/Drivers/STM32F4xx_HAL_Driver/Src/stm32f4xx_hal_pwr.c.obj
HAL_PWR_DisableSEVOnPend                          CMakeFiles/STM32HAL.elf.dir/Drivers/STM32F4xx_HAL_Driver/Src/stm32f4xx_hal_pwr.c.obj
HAL_PWR_DisableSleepOnExit                        CMakeFiles/STM32HAL.elf.dir/Drivers/STM32F4xx_HAL_Driver/Src/stm32f4xx_hal_pwr.c.obj
HAL_PWR_DisableWakeUpPin                          CMakeFiles/STM32HAL.elf.dir/Drivers/STM32F4xx_HAL_Driver/Src/stm32f4xx_hal_pwr.c.obj
HAL_PWR_EnableBkUpAccess                          CMakeFiles/STM32HAL.elf.dir/Drivers/STM32F4xx_HAL_Driver/Src/stm32f4xx_hal_pwr.c.obj
HAL_PWR_EnablePVD                                 CMakeFiles/STM32HAL.elf.dir/Drivers/STM32F4xx_HAL_Driver/Src/stm32f4xx_hal_pwr.c.obj
HAL_PWR_EnableSEVOnPend                           CMakeFiles/STM32HAL.elf.dir/Drivers/STM32F4xx_HAL_Driver/Src/stm32f4xx_hal_pwr.c.obj
HAL_PWR_EnableSleepOnExit                         CMakeFiles/STM32HAL.elf.dir/Drivers/STM32F4xx_HAL_Driver/Src/stm32f4xx_hal_pwr.c.obj
HAL_PWR_EnableWakeUpPin                           CMakeFiles/STM32HAL.elf.dir/Drivers/STM32F4xx_HAL_Driver/Src/stm32f4xx_hal_pwr.c.obj
HAL_PWR_EnterSLEEPMode                            CMakeFiles/STM32HAL.elf.dir/Drivers/STM32F4xx_HAL_Driver/Src/stm32f4xx_hal_pwr.c.obj
HAL_PWR_EnterSTANDBYMode                          CMakeFiles/STM32HAL.elf.dir/Drivers/STM32F4xx_HAL_Driver/Src/stm32f4xx_hal_pwr.c.obj
HAL_PWR_EnterSTOPMode                             CMakeFiles/STM32HAL.elf.dir/Drivers/STM32F4xx_HAL_Driver/Src/stm32f4xx_hal_pwr.c.obj
HAL_PWR_PVDCallback                               CMakeFiles/STM32HAL.elf.dir/Drivers/STM32F4xx_HAL_Driver/Src/stm32f4xx_hal_pwr.c.obj
HAL_PWR_PVD_IRQHandler                            CMakeFiles/STM32HAL.elf.dir/Drivers/STM32F4xx_HAL_Driver/Src/stm32f4xx_hal_pwr.c.obj
HAL_RCCEx_DisablePLLI2S                           CMakeFiles/STM32HAL.elf.dir/Drivers/STM32F4xx_HAL_Driver/Src/stm32f4xx_hal_rcc_ex.c.obj
HAL_RCCEx_EnablePLLI2S                            CMakeFiles/STM32HAL.elf.dir/Drivers/STM32F4xx_HAL_Driver/Src/stm32f4xx_hal_rcc_ex.c.obj
HAL_RCCEx_GetPeriphCLKConfig                      CMakeFiles/STM32HAL.elf.dir/Drivers/STM32F4xx_HAL_Driver/Src/stm32f4xx_hal_rcc_ex.c.obj
HAL_RCCEx_GetPeriphCLKFreq                        CMakeFiles/STM32HAL.elf.dir/Drivers/STM32F4xx_HAL_Driver/Src/stm32f4xx_hal_rcc_ex.c.obj
HAL_RCCEx_PeriphCLKConfig                         CMakeFiles/STM32HAL.elf.dir/Drivers/STM32F4xx_HAL_Driver/Src/stm32f4xx_hal_rcc_ex.c.obj
HAL_RCCEx_SelectLSEMode                           CMakeFiles/STM32HAL.elf.dir/Drivers/STM32F4xx_HAL_Driver/Src/stm32f4xx_hal_rcc_ex.c.obj
HAL_RCC_CSSCallback                               CMakeFiles/STM32HAL.elf.dir/Drivers/STM32F4xx_HAL_Driver/Src/stm32f4xx_hal_rcc.c.obj
HAL_RCC_ClockConfig                               CMakeFiles/STM32HAL.elf.dir/Drivers/STM32F4xx_HAL_Driver/Src/stm32f4xx_hal_rcc.c.obj
                                                  CMakeFiles/STM32HAL.elf.dir/Core/Src/main.c.obj
HAL_RCC_DeInit                                    CMakeFiles/STM32HAL.elf.dir/Drivers/STM32F4xx_HAL_Driver/Src/stm32f4xx_hal_rcc_ex.c.obj
                                                  CMakeFiles/STM32HAL.elf.dir/Drivers/STM32F4xx_HAL_Driver/Src/stm32f4xx_hal_rcc.c.obj
HAL_RCC_DisableCSS                                CMakeFiles/STM32HAL.elf.dir/Drivers/STM32F4xx_HAL_Driver/Src/stm32f4xx_hal_rcc.c.obj
HAL_RCC_EnableCSS                                 CMakeFiles/STM32HAL.elf.dir/Drivers/STM32F4xx_HAL_Driver/Src/stm32f4xx_hal_rcc.c.obj
HAL_RCC_GetClockConfig                            CMakeFiles/STM32HAL.elf.dir/Drivers/STM32F4xx_HAL_Driver/Src/stm32f4xx_hal_rcc.c.obj
HAL_RCC_GetHCLKFreq                               CMakeFiles/STM32HAL.elf.dir/Drivers/STM32F4xx_HAL_Driver/Src/stm32f4xx_hal_rcc.c.obj
HAL_RCC_GetOscConfig                              CMakeFiles/STM32HAL.elf.dir/Drivers/STM32F4xx_HAL_Driver/Src/stm32f4xx_hal_rcc.c.obj
HAL_RCC_GetPCLK1Freq                              CMakeFiles/STM32HAL.elf.dir/Drivers/STM32F4xx_HAL_Driver/Src/stm32f4xx_hal_rcc.c.obj
HAL_RCC_GetPCLK2Freq                              CMakeFiles/STM32HAL.elf.dir/Drivers/STM32F4xx_HAL_Driver/Src/stm32f4xx_hal_rcc.c.obj
HAL_RCC_GetSysClockFreq                           CMakeFiles/STM32HAL.elf.dir/Drivers/STM32F4xx_HAL_Driver/Src/stm32f4xx_hal_rcc.c.obj
HAL_RCC_MCOConfig                                 CMakeFiles/STM32HAL.elf.dir/Drivers/STM32F4xx_HAL_Driver/Src/stm32f4xx_hal_rcc.c.obj
HAL_RCC_NMI_IRQHandler                            CMakeFiles/STM32HAL.elf.dir/Drivers/STM32F4xx_HAL_Driver/Src/stm32f4xx_hal_rcc.c.obj
HAL_RCC_OscConfig                                 CMakeFiles/STM32HAL.elf.dir/Drivers/STM32F4xx_HAL_Driver/Src/stm32f4xx_hal_rcc.c.obj
                                                  CMakeFiles/STM32HAL.elf.dir/Core/Src/main.c.obj
HAL_ResumeTick                                    CMakeFiles/STM32HAL.elf.dir/Drivers/STM32F4xx_HAL_Driver/Src/stm32f4xx_hal.c.obj
HAL_SYSTICK_CLKSourceConfig                       CMakeFiles/STM32HAL.elf.dir/Drivers/STM32F4xx_HAL_Driver/Src/stm32f4xx_hal_cortex.c.obj
HAL_SYSTICK_Callback                              CMakeFiles/STM32HAL.elf.dir/Drivers/STM32F4xx_HAL_Driver/Src/stm32f4xx_hal_cortex.c.obj
HAL_SYSTICK_Config                                CMakeFiles/STM32HAL.elf.dir/Drivers/STM32F4xx_HAL_Driver/Src/stm32f4xx_hal_cortex.c.obj
                                                  CMakeFiles/STM32HAL.elf.dir/Drivers/STM32F4xx_HAL_Driver/Src/stm32f4xx_hal.c.obj
HAL_SYSTICK_IRQHandler                            CMakeFiles/STM32HAL.elf.dir/Drivers/STM32F4xx_HAL_Driver/Src/stm32f4xx_hal_cortex.c.obj
HAL_SetTickFreq                                   CMakeFiles/STM32HAL.elf.dir/Drivers/STM32F4xx_HAL_Driver/Src/stm32f4xx_hal.c.obj
HAL_SuspendTick                                   CMakeFiles/STM32HAL.elf.dir/Drivers/STM32F4xx_HAL_Driver/Src/stm32f4xx_hal.c.obj
HardFault_Handler                                 CMakeFiles/STM32HAL.elf.dir/Core/Src/stm32f4xx_it.c.obj
                                                  CMakeFiles/STM32HAL.elf.dir/startup_stm32f411xe.s.obj
I2C1_ER_IRQHandler                                CMakeFiles/STM32HAL.elf.dir/startup_stm32f411xe.s.obj
I2C1_EV_IRQHandler                                CMakeFiles/STM32HAL.elf.dir/startup_stm32f411xe.s.obj
I2C2_ER_IRQHandler                                CMakeFiles/STM32HAL.elf.dir/startup_stm32f411xe.s.obj
I2C2_EV_IRQHandler                                CMakeFiles/STM32HAL.elf.dir/startup_stm32f411xe.s.obj
I2C3_ER_IRQHandler                                CMakeFiles/STM32HAL.elf.dir/startup_stm32f411xe.s.obj
I2C3_EV_IRQHandler                                CMakeFiles/STM32HAL.elf.dir/startup_stm32f411xe.s.obj
MemManage_Handler                                 CMakeFiles/STM32HAL.elf.dir/Core/Src/stm32f4xx_it.c.obj
                                                  CMakeFiles/STM32HAL.elf.dir/startup_stm32f411xe.s.obj
NMI_Handler                                       CMakeFiles/STM32HAL.elf.dir/Core/Src/stm32f4xx_it.c.obj
                                                  CMakeFiles/STM32HAL.elf.dir/startup_stm32f411xe.s.obj
OTG_FS_IRQHandler                                 CMakeFiles/STM32HAL.elf.dir/startup_stm32f411xe.s.obj
OTG_FS_WKUP_IRQHandler                            CMakeFiles/STM32HAL.elf.dir/startup_stm32f411xe.s.obj
PVD_IRQHandler                                    CMakeFiles/STM32HAL.elf.dir/startup_stm32f411xe.s.obj
PendSV_Handler                                    CMakeFiles/STM32HAL.elf.dir/Core/Src/stm32f4xx_it.c.obj
                                                  CMakeFiles/STM32HAL.elf.dir/startup_stm32f411xe.s.obj
RCC_IRQHandler                                    CMakeFiles/STM32HAL.elf.dir/startup_stm32f411xe.s.obj
RTC_Alarm_IRQHandler                              CMakeFiles/STM32HAL.elf.dir/startup_stm32f411xe.s.obj
RTC_WKUP_IRQHandler                               CMakeFiles/STM32HAL.elf.dir/startup_stm32f411xe.s.obj
Reset_Handler                                     CMakeFiles/STM32HAL.elf.dir/startup_stm32f411xe.s.obj
SDIO_IRQHandler                                   CMakeFiles/STM32HAL.elf.dir/startup_stm32f411xe.s.obj
SPI1_IRQHandler                                   CMakeFiles/STM32HAL.elf.dir/startup_stm32f411xe.s.obj
SPI2_IRQHandler                                   CMakeFiles/STM32HAL.elf.dir/startup_stm32f411xe.s.obj
SPI3_IRQHandler                                   CMakeFiles/STM32HAL.elf.dir/startup_stm32f411xe.s.obj
SPI4_IRQHandler                                   CMakeFiles/STM32HAL.elf.dir/startup_stm32f411xe.s.obj
SPI5_IRQHandler                                   CMakeFiles/STM32HAL.elf.dir/startup_stm32f411xe.s.obj
SVC_Handler                                       CMakeFiles/STM32HAL.elf.dir/Core/Src/stm32f4xx_it.c.obj
                                                  CMakeFiles/STM32HAL.elf.dir/startup_stm32f411xe.s.obj
SysTick_Handler                                   CMakeFiles/STM32HAL.elf.dir/Core/Src/stm32f4xx_it.c.obj
                                                  CMakeFiles/STM32HAL.elf.dir/startup_stm32f411xe.s.obj
SystemClock_Config                                CMakeFiles/STM32HAL.elf.dir/Core/Src/main.c.obj
SystemCoreClock                                   CMakeFiles/STM32HAL.elf.dir/Core/Src/system_stm32f4xx.c.obj
                                                  CMakeFiles/STM32HAL.elf.dir/Drivers/STM32F4xx_HAL_Driver/Src/stm32f4xx_hal_rcc_ex.c.obj
                                                  CMakeFiles/STM32HAL.elf.dir/Drivers/STM32F4xx_HAL_Driver/Src/stm32f4xx_hal_rcc.c.obj
                                                  CMakeFiles/STM32HAL.elf.dir/Drivers/STM32F4xx_HAL_Driver/Src/stm32f4xx_hal_dma.c.obj
                                                  CMakeFiles/STM32HAL.elf.dir/Drivers/STM32F4xx_HAL_Driver/Src/stm32f4xx_hal.c.obj
SystemCoreClockUpdate                             CMakeFiles/STM32HAL.elf.dir/Core/Src/system_stm32f4xx.c.obj
SystemInit                                        CMakeFiles/STM32HAL.elf.dir/Core/Src/system_stm32f4xx.c.obj
                                                  CMakeFiles/STM32HAL.elf.dir/startup_stm32f411xe.s.obj
TAMP_STAMP_IRQHandler                             CMakeFiles/STM32HAL.elf.dir/startup_stm32f411xe.s.obj
TIM1_BRK_TIM9_IRQHandler                          CMakeFiles/STM32HAL.elf.dir/startup_stm32f411xe.s.obj
TIM1_CC_IRQHandler                                CMakeFiles/STM32HAL.elf.dir/startup_stm32f411xe.s.obj
TIM1_TRG_COM_TIM11_IRQHandler                     CMakeFiles/STM32HAL.elf.dir/startup_stm32f411xe.s.obj
TIM1_UP_TIM10_IRQHandler                          CMakeFiles/STM32HAL.elf.dir/startup_stm32f411xe.s.obj
TIM2_IRQHandler                                   CMakeFiles/STM32HAL.elf.dir/startup_stm32f411xe.s.obj
TIM3_IRQHandler                                   CMakeFiles/STM32HAL.elf.dir/startup_stm32f411xe.s.obj
TIM4_IRQHandler                                   CMakeFiles/STM32HAL.elf.dir/startup_stm32f411xe.s.obj
TIM5_IRQHandler                                   CMakeFiles/STM32HAL.elf.dir/startup_stm32f411xe.s.obj
USART1_IRQHandler                                 CMakeFiles/STM32HAL.elf.dir/startup_stm32f411xe.s.obj
USART2_IRQHandler                                 CMakeFiles/STM32HAL.elf.dir/startup_stm32f411xe.s.obj
USART6_IRQHandler                                 CMakeFiles/STM32HAL.elf.dir/startup_stm32f411xe.s.obj
UsageFault_Handler                                CMakeFiles/STM32HAL.elf.dir/Core/Src/stm32f4xx_it.c.obj
                                                  CMakeFiles/STM32HAL.elf.dir/startup_stm32f411xe.s.obj
WWDG_IRQHandler                                   CMakeFiles/STM32HAL.elf.dir/startup_stm32f411xe.s.obj
__aeabi_idiv0                                     c:/program files (x86)/gnu arm embedded toolchain/10 2021.10/bin/../lib/gcc/arm-none-eabi/10.3.1/thumb/v7e-m+fp/hard\libgcc.a(_dvmd_tls.o)
__aeabi_ldiv0                                     c:/program files (x86)/gnu arm embedded toolchain/10 2021.10/bin/../lib/gcc/arm-none-eabi/10.3.1/thumb/v7e-m+fp/hard\libgcc.a(_dvmd_tls.o)
                                                  c:/program files (x86)/gnu arm embedded toolchain/10 2021.10/bin/../lib/gcc/arm-none-eabi/10.3.1/thumb/v7e-m+fp/hard\libgcc.a(_aeabi_uldivmod.o)
                                                  c:/program files (x86)/gnu arm embedded toolchain/10 2021.10/bin/../lib/gcc/arm-none-eabi/10.3.1/thumb/v7e-m+fp/hard\libgcc.a(_aeabi_ldivmod.o)
__aeabi_ldivmod                                   c:/program files (x86)/gnu arm embedded toolchain/10 2021.10/bin/../lib/gcc/arm-none-eabi/10.3.1/thumb/v7e-m+fp/hard\libgcc.a(_aeabi_ldivmod.o)
                                                  CMakeFiles/STM32HAL.elf.dir/Drivers/STM32F4xx_HAL_Driver/Src/stm32f4xx_hal_rcc.c.obj
__aeabi_uldivmod                                  c:/program files (x86)/gnu arm embedded toolchain/10 2021.10/bin/../lib/gcc/arm-none-eabi/10.3.1/thumb/v7e-m+fp/hard\libgcc.a(_aeabi_uldivmod.o)
                                                  CMakeFiles/STM32HAL.elf.dir/Drivers/STM32F4xx_HAL_Driver/Src/stm32f4xx_hal_rcc.c.obj
__bss_end__                                       c:/program files (x86)/gnu arm embedded toolchain/10 2021.10/bin/../lib/gcc/arm-none-eabi/10.3.1/../../../../arm-none-eabi/lib/thumb/v7e-m+fp/hard/crt0.o
__bss_start__                                     c:/program files (x86)/gnu arm embedded toolchain/10 2021.10/bin/../lib/gcc/arm-none-eabi/10.3.1/../../../../arm-none-eabi/lib/thumb/v7e-m+fp/hard/crt0.o
__call_exitprocs                                  c:/program files (x86)/gnu arm embedded toolchain/10 2021.10/bin/../lib/gcc/arm-none-eabi/10.3.1/../../../../arm-none-eabi/lib/thumb/v7e-m+fp/hard\libc_nano.a(lib_a-exit.o)
__deregister_frame_info                           c:/program files (x86)/gnu arm embedded toolchain/10 2021.10/bin/../lib/gcc/arm-none-eabi/10.3.1/thumb/v7e-m+fp/hard/crtbegin.o
__dso_handle                                      c:/program files (x86)/gnu arm embedded toolchain/10 2021.10/bin/../lib/gcc/arm-none-eabi/10.3.1/thumb/v7e-m+fp/hard/crtbegin.o
__init_array_end                                  c:/program files (x86)/gnu arm embedded toolchain/10 2021.10/bin/../lib/gcc/arm-none-eabi/10.3.1/../../../../arm-none-eabi/lib/thumb/v7e-m+fp/hard\libc_nano.a(lib_a-init.o)
__init_array_start                                c:/program files (x86)/gnu arm embedded toolchain/10 2021.10/bin/../lib/gcc/arm-none-eabi/10.3.1/../../../../arm-none-eabi/lib/thumb/v7e-m+fp/hard\libc_nano.a(lib_a-init.o)
__libc_fini_array                                 c:/program files (x86)/gnu arm embedded toolchain/10 2021.10/bin/../lib/gcc/arm-none-eabi/10.3.1/../../../../arm-none-eabi/lib/thumb/v7e-m+fp/hard/crt0.o
__libc_init_array                                 c:/program files (x86)/gnu arm embedded toolchain/10 2021.10/bin/../lib/gcc/arm-none-eabi/10.3.1/../../../../arm-none-eabi/lib/thumb/v7e-m+fp/hard\libc_nano.a(lib_a-init.o)
                                                  CMakeFiles/STM32HAL.elf.dir/startup_stm32f411xe.s.obj
                                                  c:/program files (x86)/gnu arm embedded toolchain/10 2021.10/bin/../lib/gcc/arm-none-eabi/10.3.1/../../../../arm-none-eabi/lib/thumb/v7e-m+fp/hard/crt0.o
__preinit_array_end                               c:/program files (x86)/gnu arm embedded toolchain/10 2021.10/bin/../lib/gcc/arm-none-eabi/10.3.1/../../../../arm-none-eabi/lib/thumb/v7e-m+fp/hard\libc_nano.a(lib_a-init.o)
__preinit_array_start                             c:/program files (x86)/gnu arm embedded toolchain/10 2021.10/bin/../lib/gcc/arm-none-eabi/10.3.1/../../../../arm-none-eabi/lib/thumb/v7e-m+fp/hard\libc_nano.a(lib_a-init.o)
__register_frame_info                             c:/program files (x86)/gnu arm embedded toolchain/10 2021.10/bin/../lib/gcc/arm-none-eabi/10.3.1/thumb/v7e-m+fp/hard/crtbegin.o
__sf_fake_stderr                                  c:/program files (x86)/gnu arm embedded toolchain/10 2021.10/bin/../lib/gcc/arm-none-eabi/10.3.1/../../../../arm-none-eabi/lib/thumb/v7e-m+fp/hard\libc_nano.a(lib_a-impure.o)
__sf_fake_stdin                                   c:/program files (x86)/gnu arm embedded toolchain/10 2021.10/bin/../lib/gcc/arm-none-eabi/10.3.1/../../../../arm-none-eabi/lib/thumb/v7e-m+fp/hard\libc_nano.a(lib_a-impure.o)
__sf_fake_stdout                                  c:/program files (x86)/gnu arm embedded toolchain/10 2021.10/bin/../lib/gcc/arm-none-eabi/10.3.1/../../../../arm-none-eabi/lib/thumb/v7e-m+fp/hard\libc_nano.a(lib_a-impure.o)
__stack                                           c:/program files (x86)/gnu arm embedded toolchain/10 2021.10/bin/../lib/gcc/arm-none-eabi/10.3.1/../../../../arm-none-eabi/lib/thumb/v7e-m+fp/hard/crt0.o
__udivmoddi4                                      c:/program files (x86)/gnu arm embedded toolchain/10 2021.10/bin/../lib/gcc/arm-none-eabi/10.3.1/thumb/v7e-m+fp/hard\libgcc.a(_udivmoddi4.o)
                                                  c:/program files (x86)/gnu arm embedded toolchain/10 2021.10/bin/../lib/gcc/arm-none-eabi/10.3.1/thumb/v7e-m+fp/hard\libgcc.a(_aeabi_uldivmod.o)
                                                  c:/program files (x86)/gnu arm embedded toolchain/10 2021.10/bin/../lib/gcc/arm-none-eabi/10.3.1/thumb/v7e-m+fp/hard\libgcc.a(_aeabi_ldivmod.o)
_ebss                                             CMakeFiles/STM32HAL.elf.dir/startup_stm32f411xe.s.obj
_edata                                            CMakeFiles/STM32HAL.elf.dir/startup_stm32f411xe.s.obj
_estack                                           CMakeFiles/STM32HAL.elf.dir/startup_stm32f411xe.s.obj
_exit                                             c:/program files (x86)/gnu arm embedded toolchain/10 2021.10/bin/../lib/gcc/arm-none-eabi/10.3.1/../../../../arm-none-eabi/lib/thumb/v7e-m+fp/hard\libc_nano.a(lib_a-exit.o)
_fini                                             c:/program files (x86)/gnu arm embedded toolchain/10 2021.10/bin/../lib/gcc/arm-none-eabi/10.3.1/thumb/v7e-m+fp/hard/crti.o
_global_impure_ptr                                c:/program files (x86)/gnu arm embedded toolchain/10 2021.10/bin/../lib/gcc/arm-none-eabi/10.3.1/../../../../arm-none-eabi/lib/thumb/v7e-m+fp/hard\libc_nano.a(lib_a-impure.o)
                                                  c:/program files (x86)/gnu arm embedded toolchain/10 2021.10/bin/../lib/gcc/arm-none-eabi/10.3.1/../../../../arm-none-eabi/lib/thumb/v7e-m+fp/hard\libc_nano.a(lib_a-exit.o)
_impure_ptr                                       c:/program files (x86)/gnu arm embedded toolchain/10 2021.10/bin/../lib/gcc/arm-none-eabi/10.3.1/../../../../arm-none-eabi/lib/thumb/v7e-m+fp/hard\libc_nano.a(lib_a-impure.o)
_init                                             c:/program files (x86)/gnu arm embedded toolchain/10 2021.10/bin/../lib/gcc/arm-none-eabi/10.3.1/thumb/v7e-m+fp/hard/crti.o
                                                  c:/program files (x86)/gnu arm embedded toolchain/10 2021.10/bin/../lib/gcc/arm-none-eabi/10.3.1/../../../../arm-none-eabi/lib/thumb/v7e-m+fp/hard\libc_nano.a(lib_a-init.o)
_mainCRTStartup                                   c:/program files (x86)/gnu arm embedded toolchain/10 2021.10/bin/../lib/gcc/arm-none-eabi/10.3.1/../../../../arm-none-eabi/lib/thumb/v7e-m+fp/hard/crt0.o
_sbss                                             CMakeFiles/STM32HAL.elf.dir/startup_stm32f411xe.s.obj
_sdata                                            CMakeFiles/STM32HAL.elf.dir/startup_stm32f411xe.s.obj
_sidata                                           CMakeFiles/STM32HAL.elf.dir/startup_stm32f411xe.s.obj
_stack_init                                       c:/program files (x86)/gnu arm embedded toolchain/10 2021.10/bin/../lib/gcc/arm-none-eabi/10.3.1/../../../../arm-none-eabi/lib/thumb/v7e-m+fp/hard/crt0.o
_start                                            c:/program files (x86)/gnu arm embedded toolchain/10 2021.10/bin/../lib/gcc/arm-none-eabi/10.3.1/../../../../arm-none-eabi/lib/thumb/v7e-m+fp/hard/crt0.o
atexit                                            c:/program files (x86)/gnu arm embedded toolchain/10 2021.10/bin/../lib/gcc/arm-none-eabi/10.3.1/../../../../arm-none-eabi/lib/thumb/v7e-m+fp/hard/crt0.o
exit                                              c:/program files (x86)/gnu arm embedded toolchain/10 2021.10/bin/../lib/gcc/arm-none-eabi/10.3.1/../../../../arm-none-eabi/lib/thumb/v7e-m+fp/hard\libc_nano.a(lib_a-exit.o)
                                                  c:/program files (x86)/gnu arm embedded toolchain/10 2021.10/bin/../lib/gcc/arm-none-eabi/10.3.1/../../../../arm-none-eabi/lib/thumb/v7e-m+fp/hard/crt0.o
g_pfnVectors                                      CMakeFiles/STM32HAL.elf.dir/startup_stm32f411xe.s.obj
hardware_init_hook                                c:/program files (x86)/gnu arm embedded toolchain/10 2021.10/bin/../lib/gcc/arm-none-eabi/10.3.1/../../../../arm-none-eabi/lib/thumb/v7e-m+fp/hard/crt0.o
loop                                              CMakeFiles/STM32HAL.elf.dir/Core/Src/mysetp.c.obj
                                                  CMakeFiles/STM32HAL.elf.dir/Core/Src/main.c.obj
main                                              CMakeFiles/STM32HAL.elf.dir/Core/Src/main.c.obj
                                                  CMakeFiles/STM32HAL.elf.dir/startup_stm32f411xe.s.obj
                                                  c:/program files (x86)/gnu arm embedded toolchain/10 2021.10/bin/../lib/gcc/arm-none-eabi/10.3.1/../../../../arm-none-eabi/lib/thumb/v7e-m+fp/hard/crt0.o
memset                                            c:/program files (x86)/gnu arm embedded toolchain/10 2021.10/bin/../lib/gcc/arm-none-eabi/10.3.1/../../../../arm-none-eabi/lib/thumb/v7e-m+fp/hard\libc_nano.a(lib_a-memset.o)
                                                  c:/program files (x86)/gnu arm embedded toolchain/10 2021.10/bin/../lib/gcc/arm-none-eabi/10.3.1/../../../../arm-none-eabi/lib/thumb/v7e-m+fp/hard/crt0.o
pFlash                                            CMakeFiles/STM32HAL.elf.dir/Drivers/STM32F4xx_HAL_Driver/Src/stm32f4xx_hal_flash.c.obj
                                                  CMakeFiles/STM32HAL.elf.dir/Drivers/STM32F4xx_HAL_Driver/Src/stm32f4xx_hal_flash_ex.c.obj
pTick                                             CMakeFiles/STM32HAL.elf.dir/Core/Src/mysetp.c.obj
setp                                              CMakeFiles/STM32HAL.elf.dir/Core/Src/mysetp.c.obj
                                                  CMakeFiles/STM32HAL.elf.dir/Core/Src/main.c.obj
software_init_hook                                c:/program files (x86)/gnu arm embedded toolchain/10 2021.10/bin/../lib/gcc/arm-none-eabi/10.3.1/../../../../arm-none-eabi/lib/thumb/v7e-m+fp/hard/crt0.o
uwTick                                            CMakeFiles/STM32HAL.elf.dir/Drivers/STM32F4xx_HAL_Driver/Src/stm32f4xx_hal.c.obj
uwTickFreq                                        CMakeFiles/STM32HAL.elf.dir/Drivers/STM32F4xx_HAL_Driver/Src/stm32f4xx_hal.c.obj
uwTickPrio                                        CMakeFiles/STM32HAL.elf.dir/Drivers/STM32F4xx_HAL_Driver/Src/stm32f4xx_hal.c.obj
                                                  CMakeFiles/STM32HAL.elf.dir/Drivers/STM32F4xx_HAL_Driver/Src/stm32f4xx_hal_rcc_ex.c.obj
                                                  CMakeFiles/STM32HAL.elf.dir/Drivers/STM32F4xx_HAL_Driver/Src/stm32f4xx_hal_rcc.c.obj
